[15-Mar-2025 08:47:31 Europe/Rome] API Check - HTTP Code: 200
[15-Mar-2025 08:47:31 Europe/Rome] API Check - Response: [
    {
        "id": "6839",
        "active": 1,
        "created": "2024-07-16T16:33:26+02:00",
        "last_update": "2025-02-06T12:14:31+01:00",
        "title": "",
        "description": "",
        "description_short": "",
        "translations": {
            "1": {
                "name": "",
                "description": "",
                "description_short": ""
            },
            "2": {
                "name": "",
                "description": "",
                "descri
[15-Mar-2025 08:52:10 Europe/Rome] PHP Fatal error:  require_once(): Failed opening required 'error_handler.php' (include_path='.:/opt/alt/php74/usr/share/pear') in /home/h6xt66s7/public_html/caricoveloce/index-wrapper.php on line 8
[15-Mar-2025 08:52:12 Europe/Rome] PHP Fatal error:  require_once(): Failed opening required 'error_handler.php' (include_path='.:/opt/alt/php74/usr/share/pear') in /home/h6xt66s7/public_html/caricoveloce/index-wrapper.php on line 8
[15-Mar-2025 08:52:59 Europe/Rome] PHP Fatal error:  require_once(): Failed opening required 'error_handler.php' (include_path='.:/opt/alt/php74/usr/share/pear') in /home/h6xt66s7/public_html/caricoveloce/index-wrapper.php on line 8
[15-Mar-2025 08:53:30 Europe/Rome] PHP Fatal error:  require_once(): Failed opening required 'error_handler.php' (include_path='.:/opt/alt/php74/usr/share/pear') in /home/h6xt66s7/public_html/caricoveloce/index-wrapper.php on line 8
[15-Mar-2025 08:53:31 Europe/Rome] PHP Fatal error:  require_once(): Failed opening required 'error_handler.php' (include_path='.:/opt/alt/php74/usr/share/pear') in /home/h6xt66s7/public_html/caricoveloce/index-wrapper.php on line 8
[15-Mar-2025 08:57:08 Europe/Rome] PHP Fatal error:  require_once(): Failed opening required 'error_handler.php' (include_path='.:/opt/alt/php74/usr/share/pear') in /home/h6xt66s7/public_html/caricoveloce/index-wrapper.php on line 8
[15-Mar-2025 08:58:14 Europe/Rome] PHP Fatal error:  require_once(): Failed opening required 'error_handler.php' (include_path='.:/opt/alt/php74/usr/share/pear') in /home/h6xt66s7/public_html/caricoveloce/index-wrapper.php on line 8
[15-Mar-2025 14:21:18 Europe/Rome] PHP Warning:  Use of undefined constant response - assumed 'response' (this will throw an Error in a future version of PHP) in /home/h6xt66s7/public_html/caricoveloce/index.php on line 276
[15-Mar-2025 14:21:18 Europe/Rome] PHP Warning:  Use of undefined constant message - assumed 'message' (this will throw an Error in a future version of PHP) in /home/h6xt66s7/public_html/caricoveloce/index.php on line 276
[15-Mar-2025 14:21:18 Europe/Rome] PHP Notice:  Undefined variable: responsemessage in /home/h6xt66s7/public_html/caricoveloce/index.php on line 276
[15-Mar-2025 14:21:23 Europe/Rome] PHP Warning:  Use of undefined constant response - assumed 'response' (this will throw an Error in a future version of PHP) in /home/h6xt66s7/public_html/caricoveloce/index.php on line 276
[15-Mar-2025 14:21:23 Europe/Rome] PHP Warning:  Use of undefined constant message - assumed 'message' (this will throw an Error in a future version of PHP) in /home/h6xt66s7/public_html/caricoveloce/index.php on line 276
[15-Mar-2025 14:21:23 Europe/Rome] PHP Notice:  Undefined variable: responsemessage in /home/h6xt66s7/public_html/caricoveloce/index.php on line 276
[15-Mar-2025 14:34:22 Europe/Rome] PHP Warning:  Use of undefined constant response - assumed 'response' (this will throw an Error in a future version of PHP) in /home/h6xt66s7/public_html/caricoveloce/index.php on line 276
[15-Mar-2025 14:34:22 Europe/Rome] PHP Warning:  Use of undefined constant message - assumed 'message' (this will throw an Error in a future version of PHP) in /home/h6xt66s7/public_html/caricoveloce/index.php on line 276
[15-Mar-2025 14:34:22 Europe/Rome] PHP Notice:  Undefined variable: responsemessage in /home/h6xt66s7/public_html/caricoveloce/index.php on line 276
[15-Mar-2025 14:34:24 Europe/Rome] PHP Warning:  Use of undefined constant response - assumed 'response' (this will throw an Error in a future version of PHP) in /home/h6xt66s7/public_html/caricoveloce/index.php on line 276
[15-Mar-2025 14:34:24 Europe/Rome] PHP Warning:  Use of undefined constant message - assumed 'message' (this will throw an Error in a future version of PHP) in /home/h6xt66s7/public_html/caricoveloce/index.php on line 276
[15-Mar-2025 14:34:24 Europe/Rome] PHP Notice:  Undefined variable: responsemessage in /home/h6xt66s7/public_html/caricoveloce/index.php on line 276
[15-Mar-2025 14:34:41 Europe/Rome] PHP Warning:  Use of undefined constant response - assumed 'response' (this will throw an Error in a future version of PHP) in /home/h6xt66s7/public_html/caricoveloce/index.php on line 276
[15-Mar-2025 14:34:41 Europe/Rome] PHP Warning:  Use of undefined constant message - assumed 'message' (this will throw an Error in a future version of PHP) in /home/h6xt66s7/public_html/caricoveloce/index.php on line 276
[15-Mar-2025 14:34:41 Europe/Rome] PHP Notice:  Undefined variable: responsemessage in /home/h6xt66s7/public_html/caricoveloce/index.php on line 276
[15-Mar-2025 14:34:48 Europe/Rome] PHP Warning:  Use of undefined constant response - assumed 'response' (this will throw an Error in a future version of PHP) in /home/h6xt66s7/public_html/caricoveloce/index.php on line 276
[15-Mar-2025 14:34:48 Europe/Rome] PHP Warning:  Use of undefined constant message - assumed 'message' (this will throw an Error in a future version of PHP) in /home/h6xt66s7/public_html/caricoveloce/index.php on line 276
[15-Mar-2025 14:34:48 Europe/Rome] PHP Notice:  Undefined variable: responsemessage in /home/h6xt66s7/public_html/caricoveloce/index.php on line 276
[15-Mar-2025 14:34:53 Europe/Rome] PHP Warning:  Use of undefined constant response - assumed 'response' (this will throw an Error in a future version of PHP) in /home/h6xt66s7/public_html/caricoveloce/index.php on line 276
[15-Mar-2025 14:34:53 Europe/Rome] PHP Warning:  Use of undefined constant message - assumed 'message' (this will throw an Error in a future version of PHP) in /home/h6xt66s7/public_html/caricoveloce/index.php on line 276
[15-Mar-2025 14:34:53 Europe/Rome] PHP Notice:  Undefined variable: responsemessage in /home/h6xt66s7/public_html/caricoveloce/index.php on line 276
[15-Mar-2025 14:35:01 Europe/Rome] PHP Warning:  Use of undefined constant response - assumed 'response' (this will throw an Error in a future version of PHP) in /home/h6xt66s7/public_html/caricoveloce/index.php on line 276
[15-Mar-2025 14:35:01 Europe/Rome] PHP Warning:  Use of undefined constant message - assumed 'message' (this will throw an Error in a future version of PHP) in /home/h6xt66s7/public_html/caricoveloce/index.php on line 276
[15-Mar-2025 14:35:01 Europe/Rome] PHP Notice:  Undefined variable: responsemessage in /home/h6xt66s7/public_html/caricoveloce/index.php on line 276
[15-Mar-2025 15:19:38 Europe/Rome] PHP Warning:  Use of undefined constant response - assumed 'response' (this will throw an Error in a future version of PHP) in /home/h6xt66s7/public_html/caricoveloce/index.php on line 276
[15-Mar-2025 15:19:38 Europe/Rome] PHP Warning:  Use of undefined constant message - assumed 'message' (this will throw an Error in a future version of PHP) in /home/h6xt66s7/public_html/caricoveloce/index.php on line 276
[15-Mar-2025 15:19:38 Europe/Rome] PHP Notice:  Undefined variable: responsemessage in /home/h6xt66s7/public_html/caricoveloce/index.php on line 276
[15-Mar-2025 15:20:03 Europe/Rome] PHP Warning:  Use of undefined constant response - assumed 'response' (this will throw an Error in a future version of PHP) in /home/h6xt66s7/public_html/caricoveloce/index.php on line 276
[15-Mar-2025 15:20:03 Europe/Rome] PHP Warning:  Use of undefined constant message - assumed 'message' (this will throw an Error in a future version of PHP) in /home/h6xt66s7/public_html/caricoveloce/index.php on line 276
[15-Mar-2025 15:20:03 Europe/Rome] PHP Notice:  Undefined variable: responsemessage in /home/h6xt66s7/public_html/caricoveloce/index.php on line 276
[15-Mar-2025 15:29:21 Europe/Rome] PHP Warning:  Use of undefined constant response - assumed 'response' (this will throw an Error in a future version of PHP) in /home/h6xt66s7/public_html/caricoveloce/index.php on line 276
[15-Mar-2025 15:29:21 Europe/Rome] PHP Warning:  Use of undefined constant message - assumed 'message' (this will throw an Error in a future version of PHP) in /home/h6xt66s7/public_html/caricoveloce/index.php on line 276
[15-Mar-2025 15:29:21 Europe/Rome] PHP Notice:  Undefined variable: responsemessage in /home/h6xt66s7/public_html/caricoveloce/index.php on line 276
[15-Mar-2025 15:30:39 Europe/Rome] PHP Warning:  Use of undefined constant response - assumed 'response' (this will throw an Error in a future version of PHP) in /home/h6xt66s7/public_html/caricoveloce/index.php on line 276
[15-Mar-2025 15:30:39 Europe/Rome] PHP Warning:  Use of undefined constant message - assumed 'message' (this will throw an Error in a future version of PHP) in /home/h6xt66s7/public_html/caricoveloce/index.php on line 276
[15-Mar-2025 15:30:39 Europe/Rome] PHP Notice:  Undefined variable: responsemessage in /home/h6xt66s7/public_html/caricoveloce/index.php on line 276
[15-Mar-2025 15:35:16 Europe/Rome] PHP Warning:  Use of undefined constant response - assumed 'response' (this will throw an Error in a future version of PHP) in /home/h6xt66s7/public_html/caricoveloce/index.php on line 276
[15-Mar-2025 15:35:16 Europe/Rome] PHP Warning:  Use of undefined constant message - assumed 'message' (this will throw an Error in a future version of PHP) in /home/h6xt66s7/public_html/caricoveloce/index.php on line 276
[15-Mar-2025 15:35:16 Europe/Rome] PHP Notice:  Undefined variable: responsemessage in /home/h6xt66s7/public_html/caricoveloce/index.php on line 276
[15-Mar-2025 16:22:56 Europe/Rome] PHP Warning:  Use of undefined constant response - assumed 'response' (this will throw an Error in a future version of PHP) in /home/h6xt66s7/public_html/caricoveloce/index.php on line 276
[15-Mar-2025 16:22:56 Europe/Rome] PHP Warning:  Use of undefined constant message - assumed 'message' (this will throw an Error in a future version of PHP) in /home/h6xt66s7/public_html/caricoveloce/index.php on line 276
[15-Mar-2025 16:22:56 Europe/Rome] PHP Notice:  Undefined variable: responsemessage in /home/h6xt66s7/public_html/caricoveloce/index.php on line 276
[15-Mar-2025 17:05:07 Europe/Rome] PHP Warning:  Use of undefined constant response - assumed 'response' (this will throw an Error in a future version of PHP) in /home/h6xt66s7/public_html/caricoveloce/index.php on line 276
[15-Mar-2025 17:05:07 Europe/Rome] PHP Warning:  Use of undefined constant message - assumed 'message' (this will throw an Error in a future version of PHP) in /home/h6xt66s7/public_html/caricoveloce/index.php on line 276
[15-Mar-2025 17:05:07 Europe/Rome] PHP Notice:  Undefined variable: responsemessage in /home/h6xt66s7/public_html/caricoveloce/index.php on line 276
[15-Mar-2025 17:34:43 Europe/Rome] PHP Warning:  Use of undefined constant response - assumed 'response' (this will throw an Error in a future version of PHP) in /home/h6xt66s7/public_html/caricoveloce/index.php on line 276
[15-Mar-2025 17:34:43 Europe/Rome] PHP Warning:  Use of undefined constant message - assumed 'message' (this will throw an Error in a future version of PHP) in /home/h6xt66s7/public_html/caricoveloce/index.php on line 276
[15-Mar-2025 17:34:43 Europe/Rome] PHP Notice:  Undefined variable: responsemessage in /home/h6xt66s7/public_html/caricoveloce/index.php on line 276
[15-Mar-2025 17:50:13 Europe/Rome] PHP Warning:  Use of undefined constant response - assumed 'response' (this will throw an Error in a future version of PHP) in /home/h6xt66s7/public_html/caricoveloce/index.php on line 276
[15-Mar-2025 17:50:13 Europe/Rome] PHP Warning:  Use of undefined constant message - assumed 'message' (this will throw an Error in a future version of PHP) in /home/h6xt66s7/public_html/caricoveloce/index.php on line 276
[15-Mar-2025 17:50:13 Europe/Rome] PHP Notice:  Undefined variable: responsemessage in /home/h6xt66s7/public_html/caricoveloce/index.php on line 276
[15-Mar-2025 18:01:19 Europe/Rome] PHP Warning:  Use of undefined constant response - assumed 'response' (this will throw an Error in a future version of PHP) in /home/h6xt66s7/public_html/caricoveloce/index.php on line 276
[15-Mar-2025 18:01:19 Europe/Rome] PHP Warning:  Use of undefined constant message - assumed 'message' (this will throw an Error in a future version of PHP) in /home/h6xt66s7/public_html/caricoveloce/index.php on line 276
[15-Mar-2025 18:01:19 Europe/Rome] PHP Notice:  Undefined variable: responsemessage in /home/h6xt66s7/public_html/caricoveloce/index.php on line 276
[15-Mar-2025 18:16:38 Europe/Rome] PHP Warning:  Use of undefined constant response - assumed 'response' (this will throw an Error in a future version of PHP) in /home/h6xt66s7/public_html/caricoveloce/index.php on line 276
[15-Mar-2025 18:16:38 Europe/Rome] PHP Warning:  Use of undefined constant message - assumed 'message' (this will throw an Error in a future version of PHP) in /home/h6xt66s7/public_html/caricoveloce/index.php on line 276
[15-Mar-2025 18:16:38 Europe/Rome] PHP Notice:  Undefined variable: responsemessage in /home/h6xt66s7/public_html/caricoveloce/index.php on line 276
[15-Mar-2025 18:18:15 Europe/Rome] PHP Warning:  Use of undefined constant response - assumed 'response' (this will throw an Error in a future version of PHP) in /home/h6xt66s7/public_html/caricoveloce/index.php on line 276
[15-Mar-2025 18:18:15 Europe/Rome] PHP Warning:  Use of undefined constant message - assumed 'message' (this will throw an Error in a future version of PHP) in /home/h6xt66s7/public_html/caricoveloce/index.php on line 276
[15-Mar-2025 18:18:15 Europe/Rome] PHP Notice:  Undefined variable: responsemessage in /home/h6xt66s7/public_html/caricoveloce/index.php on line 276
[15-Mar-2025 18:19:18 Europe/Rome] PHP Warning:  Use of undefined constant response - assumed 'response' (this will throw an Error in a future version of PHP) in /home/h6xt66s7/public_html/caricoveloce/index.php on line 276
[15-Mar-2025 18:19:18 Europe/Rome] PHP Warning:  Use of undefined constant message - assumed 'message' (this will throw an Error in a future version of PHP) in /home/h6xt66s7/public_html/caricoveloce/index.php on line 276
[15-Mar-2025 18:19:18 Europe/Rome] PHP Notice:  Undefined variable: responsemessage in /home/h6xt66s7/public_html/caricoveloce/index.php on line 276
[15-Mar-2025 18:23:45 Europe/Rome] PHP Warning:  Use of undefined constant response - assumed 'response' (this will throw an Error in a future version of PHP) in /home/h6xt66s7/public_html/caricoveloce/index.php on line 276
[15-Mar-2025 18:23:45 Europe/Rome] PHP Warning:  Use of undefined constant message - assumed 'message' (this will throw an Error in a future version of PHP) in /home/h6xt66s7/public_html/caricoveloce/index.php on line 276
[15-Mar-2025 18:23:45 Europe/Rome] PHP Notice:  Undefined variable: responsemessage in /home/h6xt66s7/public_html/caricoveloce/index.php on line 276
[15-Mar-2025 21:12:00 Europe/Rome] PHP Warning:  Use of undefined constant response - assumed 'response' (this will throw an Error in a future version of PHP) in /home/h6xt66s7/public_html/caricoveloce/index.php on line 276
[15-Mar-2025 21:12:00 Europe/Rome] PHP Warning:  Use of undefined constant message - assumed 'message' (this will throw an Error in a future version of PHP) in /home/h6xt66s7/public_html/caricoveloce/index.php on line 276
[15-Mar-2025 21:12:00 Europe/Rome] PHP Notice:  Undefined variable: responsemessage in /home/h6xt66s7/public_html/caricoveloce/index.php on line 276
[15-Mar-2025 21:37:02 Europe/Rome] PHP Warning:  Use of undefined constant response - assumed 'response' (this will throw an Error in a future version of PHP) in /home/h6xt66s7/public_html/caricoveloce/index.php on line 276
[15-Mar-2025 21:37:02 Europe/Rome] PHP Warning:  Use of undefined constant message - assumed 'message' (this will throw an Error in a future version of PHP) in /home/h6xt66s7/public_html/caricoveloce/index.php on line 276
[15-Mar-2025 21:37:02 Europe/Rome] PHP Notice:  Undefined variable: responsemessage in /home/h6xt66s7/public_html/caricoveloce/index.php on line 276
[15-Mar-2025 21:37:20 Europe/Rome] PHP Warning:  Use of undefined constant response - assumed 'response' (this will throw an Error in a future version of PHP) in /home/h6xt66s7/public_html/caricoveloce/index.php on line 276
[15-Mar-2025 21:37:20 Europe/Rome] PHP Warning:  Use of undefined constant message - assumed 'message' (this will throw an Error in a future version of PHP) in /home/h6xt66s7/public_html/caricoveloce/index.php on line 276
[15-Mar-2025 21:37:20 Europe/Rome] PHP Notice:  Undefined variable: responsemessage in /home/h6xt66s7/public_html/caricoveloce/index.php on line 276
[15-Mar-2025 21:42:46 Europe/Rome] PHP Warning:  Use of undefined constant response - assumed 'response' (this will throw an Error in a future version of PHP) in /home/h6xt66s7/public_html/caricoveloce/index.php on line 276
[15-Mar-2025 21:42:46 Europe/Rome] PHP Warning:  Use of undefined constant message - assumed 'message' (this will throw an Error in a future version of PHP) in /home/h6xt66s7/public_html/caricoveloce/index.php on line 276
[15-Mar-2025 21:42:46 Europe/Rome] PHP Notice:  Undefined variable: responsemessage in /home/h6xt66s7/public_html/caricoveloce/index.php on line 276
[15-Mar-2025 21:42:46 Europe/Rome] PHP Warning:  Use of undefined constant response - assumed 'response' (this will throw an Error in a future version of PHP) in /home/h6xt66s7/public_html/caricoveloce/index.php on line 276
[15-Mar-2025 21:42:46 Europe/Rome] PHP Warning:  Use of undefined constant message - assumed 'message' (this will throw an Error in a future version of PHP) in /home/h6xt66s7/public_html/caricoveloce/index.php on line 276
[15-Mar-2025 21:42:46 Europe/Rome] PHP Notice:  Undefined variable: responsemessage in /home/h6xt66s7/public_html/caricoveloce/index.php on line 276
[16-Mar-2025 01:03:53 Europe/Rome] PHP Warning:  Use of undefined constant response - assumed 'response' (this will throw an Error in a future version of PHP) in /home/h6xt66s7/public_html/caricoveloce/index.php on line 276
[16-Mar-2025 01:03:53 Europe/Rome] PHP Warning:  Use of undefined constant message - assumed 'message' (this will throw an Error in a future version of PHP) in /home/h6xt66s7/public_html/caricoveloce/index.php on line 276
[16-Mar-2025 01:03:53 Europe/Rome] PHP Notice:  Undefined variable: responsemessage in /home/h6xt66s7/public_html/caricoveloce/index.php on line 276
[16-Mar-2025 01:39:22 Europe/Rome] PHP Warning:  Use of undefined constant response - assumed 'response' (this will throw an Error in a future version of PHP) in /home/h6xt66s7/public_html/caricoveloce/index.php on line 276
[16-Mar-2025 01:39:22 Europe/Rome] PHP Warning:  Use of undefined constant message - assumed 'message' (this will throw an Error in a future version of PHP) in /home/h6xt66s7/public_html/caricoveloce/index.php on line 276
[16-Mar-2025 01:39:22 Europe/Rome] PHP Notice:  Undefined variable: responsemessage in /home/h6xt66s7/public_html/caricoveloce/index.php on line 276
[16-Mar-2025 01:39:30 Europe/Rome] PHP Warning:  Use of undefined constant response - assumed 'response' (this will throw an Error in a future version of PHP) in /home/h6xt66s7/public_html/caricoveloce/index.php on line 276
[16-Mar-2025 01:39:30 Europe/Rome] PHP Warning:  Use of undefined constant message - assumed 'message' (this will throw an Error in a future version of PHP) in /home/h6xt66s7/public_html/caricoveloce/index.php on line 276
[16-Mar-2025 01:39:30 Europe/Rome] PHP Notice:  Undefined variable: responsemessage in /home/h6xt66s7/public_html/caricoveloce/index.php on line 276
[16-Mar-2025 09:23:33 Europe/Rome] PHP Warning:  Use of undefined constant response - assumed 'response' (this will throw an Error in a future version of PHP) in /home/h6xt66s7/public_html/caricoveloce/index.php on line 276
[16-Mar-2025 09:23:33 Europe/Rome] PHP Warning:  Use of undefined constant message - assumed 'message' (this will throw an Error in a future version of PHP) in /home/h6xt66s7/public_html/caricoveloce/index.php on line 276
[16-Mar-2025 09:23:33 Europe/Rome] PHP Notice:  Undefined variable: responsemessage in /home/h6xt66s7/public_html/caricoveloce/index.php on line 276
[16-Mar-2025 09:34:29 Europe/Rome] PHP Warning:  Use of undefined constant response - assumed 'response' (this will throw an Error in a future version of PHP) in /home/h6xt66s7/public_html/caricoveloce/index.php on line 276
[16-Mar-2025 09:34:29 Europe/Rome] PHP Warning:  Use of undefined constant message - assumed 'message' (this will throw an Error in a future version of PHP) in /home/h6xt66s7/public_html/caricoveloce/index.php on line 276
[16-Mar-2025 09:34:29 Europe/Rome] PHP Notice:  Undefined variable: responsemessage in /home/h6xt66s7/public_html/caricoveloce/index.php on line 276
[16-Mar-2025 09:47:08 Europe/Rome] PHP Warning:  Use of undefined constant response - assumed 'response' (this will throw an Error in a future version of PHP) in /home/h6xt66s7/public_html/caricoveloce/index.php on line 276
[16-Mar-2025 09:47:08 Europe/Rome] PHP Warning:  Use of undefined constant message - assumed 'message' (this will throw an Error in a future version of PHP) in /home/h6xt66s7/public_html/caricoveloce/index.php on line 276
[16-Mar-2025 09:47:08 Europe/Rome] PHP Notice:  Undefined variable: responsemessage in /home/h6xt66s7/public_html/caricoveloce/index.php on line 276
[16-Mar-2025 23:36:22 Europe/Rome] PHP Warning:  Use of undefined constant response - assumed 'response' (this will throw an Error in a future version of PHP) in /home/h6xt66s7/public_html/caricoveloce/index.php on line 276
[16-Mar-2025 23:36:22 Europe/Rome] PHP Warning:  Use of undefined constant message - assumed 'message' (this will throw an Error in a future version of PHP) in /home/h6xt66s7/public_html/caricoveloce/index.php on line 276
[16-Mar-2025 23:36:22 Europe/Rome] PHP Notice:  Undefined variable: responsemessage in /home/h6xt66s7/public_html/caricoveloce/index.php on line 276
[16-Mar-2025 23:36:26 Europe/Rome] PHP Warning:  Use of undefined constant response - assumed 'response' (this will throw an Error in a future version of PHP) in /home/h6xt66s7/public_html/caricoveloce/index.php on line 276
[16-Mar-2025 23:36:26 Europe/Rome] PHP Warning:  Use of undefined constant message - assumed 'message' (this will throw an Error in a future version of PHP) in /home/h6xt66s7/public_html/caricoveloce/index.php on line 276
[16-Mar-2025 23:36:26 Europe/Rome] PHP Notice:  Undefined variable: responsemessage in /home/h6xt66s7/public_html/caricoveloce/index.php on line 276
[16-Mar-2025 23:37:52 Europe/Rome] PHP Warning:  Use of undefined constant response - assumed 'response' (this will throw an Error in a future version of PHP) in /home/h6xt66s7/public_html/caricoveloce/index.php on line 276
[16-Mar-2025 23:37:52 Europe/Rome] PHP Warning:  Use of undefined constant message - assumed 'message' (this will throw an Error in a future version of PHP) in /home/h6xt66s7/public_html/caricoveloce/index.php on line 276
[16-Mar-2025 23:37:52 Europe/Rome] PHP Notice:  Undefined variable: responsemessage in /home/h6xt66s7/public_html/caricoveloce/index.php on line 276
[16-Mar-2025 23:39:55 Europe/Rome] PHP Warning:  Use of undefined constant response - assumed 'response' (this will throw an Error in a future version of PHP) in /home/h6xt66s7/public_html/caricoveloce/index.php on line 276
[16-Mar-2025 23:39:55 Europe/Rome] PHP Warning:  Use of undefined constant message - assumed 'message' (this will throw an Error in a future version of PHP) in /home/h6xt66s7/public_html/caricoveloce/index.php on line 276
[16-Mar-2025 23:39:55 Europe/Rome] PHP Notice:  Undefined variable: responsemessage in /home/h6xt66s7/public_html/caricoveloce/index.php on line 276
[16-Mar-2025 23:39:59 Europe/Rome] PHP Warning:  Use of undefined constant response - assumed 'response' (this will throw an Error in a future version of PHP) in /home/h6xt66s7/public_html/caricoveloce/index.php on line 276
[16-Mar-2025 23:39:59 Europe/Rome] PHP Warning:  Use of undefined constant message - assumed 'message' (this will throw an Error in a future version of PHP) in /home/h6xt66s7/public_html/caricoveloce/index.php on line 276
[16-Mar-2025 23:39:59 Europe/Rome] PHP Notice:  Undefined variable: responsemessage in /home/h6xt66s7/public_html/caricoveloce/index.php on line 276
[16-Mar-2025 23:40:02 Europe/Rome] PHP Warning:  Use of undefined constant response - assumed 'response' (this will throw an Error in a future version of PHP) in /home/h6xt66s7/public_html/caricoveloce/index.php on line 276
[16-Mar-2025 23:40:02 Europe/Rome] PHP Warning:  Use of undefined constant message - assumed 'message' (this will throw an Error in a future version of PHP) in /home/h6xt66s7/public_html/caricoveloce/index.php on line 276
[16-Mar-2025 23:40:02 Europe/Rome] PHP Notice:  Undefined variable: responsemessage in /home/h6xt66s7/public_html/caricoveloce/index.php on line 276
[17-Mar-2025 11:36:13 Europe/Rome] PHP Warning:  Use of undefined constant response - assumed 'response' (this will throw an Error in a future version of PHP) in /home/h6xt66s7/public_html/caricoveloce/index.php on line 276
[17-Mar-2025 11:36:13 Europe/Rome] PHP Warning:  Use of undefined constant message - assumed 'message' (this will throw an Error in a future version of PHP) in /home/h6xt66s7/public_html/caricoveloce/index.php on line 276
[17-Mar-2025 11:36:13 Europe/Rome] PHP Notice:  Undefined variable: responsemessage in /home/h6xt66s7/public_html/caricoveloce/index.php on line 276
[17-Mar-2025 11:36:49 Europe/Rome] PHP Warning:  Use of undefined constant response - assumed 'response' (this will throw an Error in a future version of PHP) in /home/h6xt66s7/public_html/caricoveloce/index.php on line 276
[17-Mar-2025 11:36:49 Europe/Rome] PHP Warning:  Use of undefined constant message - assumed 'message' (this will throw an Error in a future version of PHP) in /home/h6xt66s7/public_html/caricoveloce/index.php on line 276
[17-Mar-2025 11:36:49 Europe/Rome] PHP Notice:  Undefined variable: responsemessage in /home/h6xt66s7/public_html/caricoveloce/index.php on line 276
[17-Mar-2025 14:43:59 Europe/Rome] PHP Warning:  Use of undefined constant response - assumed 'response' (this will throw an Error in a future version of PHP) in /home/h6xt66s7/public_html/caricoveloce/index.php on line 276
[17-Mar-2025 14:43:59 Europe/Rome] PHP Warning:  Use of undefined constant message - assumed 'message' (this will throw an Error in a future version of PHP) in /home/h6xt66s7/public_html/caricoveloce/index.php on line 276
[17-Mar-2025 14:43:59 Europe/Rome] PHP Notice:  Undefined variable: responsemessage in /home/h6xt66s7/public_html/caricoveloce/index.php on line 276
[17-Mar-2025 15:14:54 Europe/Rome] PHP Warning:  Use of undefined constant response - assumed 'response' (this will throw an Error in a future version of PHP) in /home/h6xt66s7/public_html/caricoveloce/index.php on line 276
[17-Mar-2025 15:14:54 Europe/Rome] PHP Warning:  Use of undefined constant message - assumed 'message' (this will throw an Error in a future version of PHP) in /home/h6xt66s7/public_html/caricoveloce/index.php on line 276
[17-Mar-2025 15:14:54 Europe/Rome] PHP Notice:  Undefined variable: responsemessage in /home/h6xt66s7/public_html/caricoveloce/index.php on line 276
[17-Mar-2025 15:47:26 Europe/Rome] PHP Warning:  Use of undefined constant response - assumed 'response' (this will throw an Error in a future version of PHP) in /home/h6xt66s7/public_html/caricoveloce/index.php on line 276
[17-Mar-2025 15:47:27 Europe/Rome] PHP Warning:  Use of undefined constant message - assumed 'message' (this will throw an Error in a future version of PHP) in /home/h6xt66s7/public_html/caricoveloce/index.php on line 276
[17-Mar-2025 15:47:27 Europe/Rome] PHP Notice:  Undefined variable: responsemessage in /home/h6xt66s7/public_html/caricoveloce/index.php on line 276
[17-Mar-2025 15:48:46 Europe/Rome] PHP Warning:  Use of undefined constant response - assumed 'response' (this will throw an Error in a future version of PHP) in /home/h6xt66s7/public_html/caricoveloce/index.php on line 276
[17-Mar-2025 15:48:46 Europe/Rome] PHP Warning:  Use of undefined constant message - assumed 'message' (this will throw an Error in a future version of PHP) in /home/h6xt66s7/public_html/caricoveloce/index.php on line 276
[17-Mar-2025 15:48:46 Europe/Rome] PHP Notice:  Undefined variable: responsemessage in /home/h6xt66s7/public_html/caricoveloce/index.php on line 276
[17-Mar-2025 15:50:18 Europe/Rome] PHP Warning:  Use of undefined constant response - assumed 'response' (this will throw an Error in a future version of PHP) in /home/h6xt66s7/public_html/caricoveloce/index.php on line 276
[17-Mar-2025 15:50:18 Europe/Rome] PHP Warning:  Use of undefined constant message - assumed 'message' (this will throw an Error in a future version of PHP) in /home/h6xt66s7/public_html/caricoveloce/index.php on line 276
[17-Mar-2025 15:50:18 Europe/Rome] PHP Notice:  Undefined variable: responsemessage in /home/h6xt66s7/public_html/caricoveloce/index.php on line 276
[17-Mar-2025 15:50:22 Europe/Rome] PHP Warning:  Use of undefined constant response - assumed 'response' (this will throw an Error in a future version of PHP) in /home/h6xt66s7/public_html/caricoveloce/index.php on line 276
[17-Mar-2025 15:50:22 Europe/Rome] PHP Warning:  Use of undefined constant message - assumed 'message' (this will throw an Error in a future version of PHP) in /home/h6xt66s7/public_html/caricoveloce/index.php on line 276
[17-Mar-2025 15:50:22 Europe/Rome] PHP Notice:  Undefined variable: responsemessage in /home/h6xt66s7/public_html/caricoveloce/index.php on line 276
[17-Mar-2025 15:54:18 Europe/Rome] PHP Warning:  Use of undefined constant response - assumed 'response' (this will throw an Error in a future version of PHP) in /home/h6xt66s7/public_html/caricoveloce/index.php on line 276
[17-Mar-2025 15:54:18 Europe/Rome] PHP Warning:  Use of undefined constant message - assumed 'message' (this will throw an Error in a future version of PHP) in /home/h6xt66s7/public_html/caricoveloce/index.php on line 276
[17-Mar-2025 15:54:18 Europe/Rome] PHP Notice:  Undefined variable: responsemessage in /home/h6xt66s7/public_html/caricoveloce/index.php on line 276
[17-Mar-2025 16:05:02 Europe/Rome] PHP Warning:  Use of undefined constant response - assumed 'response' (this will throw an Error in a future version of PHP) in /home/h6xt66s7/public_html/caricoveloce/index.php on line 276
[17-Mar-2025 16:05:02 Europe/Rome] PHP Warning:  Use of undefined constant message - assumed 'message' (this will throw an Error in a future version of PHP) in /home/h6xt66s7/public_html/caricoveloce/index.php on line 276
[17-Mar-2025 16:05:02 Europe/Rome] PHP Notice:  Undefined variable: responsemessage in /home/h6xt66s7/public_html/caricoveloce/index.php on line 276
[17-Mar-2025 16:10:26 Europe/Rome] PHP Warning:  Use of undefined constant response - assumed 'response' (this will throw an Error in a future version of PHP) in /home/h6xt66s7/public_html/caricoveloce/index.php on line 276
[17-Mar-2025 16:10:26 Europe/Rome] PHP Warning:  Use of undefined constant message - assumed 'message' (this will throw an Error in a future version of PHP) in /home/h6xt66s7/public_html/caricoveloce/index.php on line 276
[17-Mar-2025 16:10:26 Europe/Rome] PHP Notice:  Undefined variable: responsemessage in /home/h6xt66s7/public_html/caricoveloce/index.php on line 276
[17-Mar-2025 16:11:02 Europe/Rome] PHP Warning:  Use of undefined constant response - assumed 'response' (this will throw an Error in a future version of PHP) in /home/h6xt66s7/public_html/caricoveloce/index.php on line 276
[17-Mar-2025 16:11:02 Europe/Rome] PHP Warning:  Use of undefined constant message - assumed 'message' (this will throw an Error in a future version of PHP) in /home/h6xt66s7/public_html/caricoveloce/index.php on line 276
[17-Mar-2025 16:11:02 Europe/Rome] PHP Notice:  Undefined variable: responsemessage in /home/h6xt66s7/public_html/caricoveloce/index.php on line 276
[17-Mar-2025 16:17:37 Europe/Rome] PHP Warning:  Use of undefined constant response - assumed 'response' (this will throw an Error in a future version of PHP) in /home/h6xt66s7/public_html/caricoveloce/index.php on line 276
[17-Mar-2025 16:17:37 Europe/Rome] PHP Warning:  Use of undefined constant message - assumed 'message' (this will throw an Error in a future version of PHP) in /home/h6xt66s7/public_html/caricoveloce/index.php on line 276
[17-Mar-2025 16:17:37 Europe/Rome] PHP Notice:  Undefined variable: responsemessage in /home/h6xt66s7/public_html/caricoveloce/index.php on line 276
[17-Mar-2025 16:17:38 Europe/Rome] PHP Warning:  Use of undefined constant response - assumed 'response' (this will throw an Error in a future version of PHP) in /home/h6xt66s7/public_html/caricoveloce/index.php on line 276
[17-Mar-2025 16:17:38 Europe/Rome] PHP Warning:  Use of undefined constant message - assumed 'message' (this will throw an Error in a future version of PHP) in /home/h6xt66s7/public_html/caricoveloce/index.php on line 276
[17-Mar-2025 16:17:38 Europe/Rome] PHP Notice:  Undefined variable: responsemessage in /home/h6xt66s7/public_html/caricoveloce/index.php on line 276
[17-Mar-2025 16:20:35 Europe/Rome] PHP Warning:  Use of undefined constant response - assumed 'response' (this will throw an Error in a future version of PHP) in /home/h6xt66s7/public_html/caricoveloce/index.php on line 276
[17-Mar-2025 16:20:35 Europe/Rome] PHP Warning:  Use of undefined constant message - assumed 'message' (this will throw an Error in a future version of PHP) in /home/h6xt66s7/public_html/caricoveloce/index.php on line 276
[17-Mar-2025 16:20:35 Europe/Rome] PHP Notice:  Undefined variable: responsemessage in /home/h6xt66s7/public_html/caricoveloce/index.php on line 276
[18-Mar-2025 11:05:55 Europe/Rome] PHP Warning:  Use of undefined constant response - assumed 'response' (this will throw an Error in a future version of PHP) in /home/h6xt66s7/public_html/caricoveloce/index.php on line 276
[18-Mar-2025 11:05:55 Europe/Rome] PHP Warning:  Use of undefined constant message - assumed 'message' (this will throw an Error in a future version of PHP) in /home/h6xt66s7/public_html/caricoveloce/index.php on line 276
[18-Mar-2025 11:05:55 Europe/Rome] PHP Notice:  Undefined variable: responsemessage in /home/h6xt66s7/public_html/caricoveloce/index.php on line 276
[18-Mar-2025 11:06:55 Europe/Rome] PHP Warning:  Use of undefined constant response - assumed 'response' (this will throw an Error in a future version of PHP) in /home/h6xt66s7/public_html/caricoveloce/index.php on line 276
[18-Mar-2025 11:06:55 Europe/Rome] PHP Warning:  Use of undefined constant message - assumed 'message' (this will throw an Error in a future version of PHP) in /home/h6xt66s7/public_html/caricoveloce/index.php on line 276
[18-Mar-2025 11:06:55 Europe/Rome] PHP Notice:  Undefined variable: responsemessage in /home/h6xt66s7/public_html/caricoveloce/index.php on line 276
